// Jest Snapshot v1, https://goo.gl/fbAQLP

exports[`Consumer - BottleDetailModal Matches snapshot 1`] = `<div />`;
