// Jest Snapshot v1, https://goo.gl/fbAQLP

exports[`Primary Producer Inventory - BatchRecycleModal Matches snapshot 1`] = `<div />`;
