// Jest Snapshot v1, https://goo.gl/fbAQLP

exports[`Secondary Producer - BatchSaleModal Matches snapshot 1`] = `<div />`;
