// Jest Snapshot v1, https://goo.gl/fbAQLP

exports[`Secondary Producer - BatchFormModal Matches snapshot 1`] = `<div />`;
