// Jest Snapshot v1, https://goo.gl/fbAQLP

exports[`Consumer Page Matches snapshot 1`] = `
<div>
  <main
    class="w-full h-screen flex flex-col p-2xl"
  >
    <header
      class="pb-2xl flex items-center justify-between"
    >
      <h1>
        Botellas recicladas
      </h1>
      <button
        class="relative flex items-center justify-center gap-s rounded-rs font-semibold h-10 disabled:cursor-default disabled:bg-opacity-40  focusButton bg-p1 text-n0 py-s px-m w-max"
        data-testid="button"
      >
        <i
          class="fa-solid fa-search"
          data-testid="fa-icon"
        />
        Buscar
      </button>
    </header>
    <div
      class="w-full h-full overflow-auto"
      data-testid="table"
    >
      <table
        class="w-full relative h-fit"
      >
        <thead
          class="sticky top-0 z-10 bg-n0 rounded-lg text-left"
        >
          <tr>
            <th
              class="h6 p-s bg-p3 text-n0 last:text-center"
            >
              <span
                class="font-medium"
              >
                ID
              </span>
            </th>
            <th
              class="h6 p-s bg-p3 text-n0 last:text-center"
            >
              <span
                class="font-medium"
              >
                Código de seguimiento
              </span>
            </th>
            <th
              class="h6 p-s bg-p3 text-n0 last:text-center"
            >
              <span
                class="font-medium"
              >
                Fecha de creación
              </span>
            </th>
            <th
              class="h6 p-s bg-p3 text-n0 last:text-center"
            >
              <span
                class="font-medium"
              >
                Estado
              </span>
            </th>
            <th
              class="h6 p-s bg-p3 text-n0 last:text-center"
            >
              <span
                class="font-medium"
              >
                Acciones
              </span>
            </th>
          </tr>
        </thead>
        <tbody />
        <tfoot
          class="h-full"
        >
          <tr
            class="h-full"
          >
            <td
              class="px-4 py-2 h-full text-center"
              colspan="5"
            >
              <span
                class="block shrink-0 animate-spin w-8 text-[2rem] mx-auto mt-8"
                data-testid="loading-spinner"
                style="width: 1.7rem; font-size: 1.7rem;"
              >
                <i
                  class="fa-solid fa-recycle"
                  data-testid="fa-icon"
                />
              </span>
            </td>
          </tr>
        </tfoot>
      </table>
    </div>
  </main>
</div>
`;
