// Jest Snapshot v1, https://goo.gl/fbAQLP

exports[`Consumer - BottleRecycleModal Matches snapshot 1`] = `<div />`;
