// Jest Snapshot v1, https://goo.gl/fbAQLP

exports[`Primary Producer Recycled Batches - BatchDetailModal Matches snapshot 1`] = `<div />`;
