// Jest Snapshot v1, https://goo.gl/fbAQLP

exports[`Primary Producer Inventory - BatchSaleModal Matches snapshot 1`] = `<div />`;
