// Jest Snapshot v1, https://goo.gl/fbAQLP

exports[`Secondary Producer - BatchRecycleModal Matches snapshot 1`] = `<div />`;
