// Jest Snapshot v1, https://goo.gl/fbAQLP

exports[`Recycler Waste Bottles - BottleDetailModal Matches snapshot 1`] = `<div />`;
